   Compiling proc-macro2 v1.0.107
   Compiling version_check v0.9.5
   Compiling unicode-ident v1.0.24
   Compiling quote v1.0.47
    Checking typenum v1.20.1
   Compiling generic-array v0.14.7
   Compiling zmij v1.0.23
   Compiling thiserror v2.0.20
   Compiling serde v1.0.229
    Checking block-buffer v0.10.4
   Compiling syn v3.0.5
    Checking crypto-common v0.1.7
    Checking digest v0.10.7
    Checking memchr v2.8.3
    Checking cfg-if v1.0.4
    Checking itoa v1.0.18
    Checking sha2 v0.10.9
    Checking serde_json v1.0.151
   Compiling thiserror-impl v2.0.20
   Compiling serde_derive v1.0.229
    Checking hagency-metering v0.1.0 (/Users/yuechen/home/hagency-peer-glm-20260912/native/hagency-metering)
    Finished `dev` profile [unoptimized + debuginfo] target(s) in 4.39s
