   Compiling hagency v0.1.0 (/Users/yuechen/home/hagency-peer-glm-20260912/native/hagency)
    Finished `test` profile [unoptimized + debuginfo] target(s) in 1.28s
     Running tests/runner.rs (target/debug/deps/runner-1eda19a6b7c3ad32)

running 11 tests
test native_runner_http_conversation_lifecycle ... FAILED
test native_runner_http_authority ... FAILED
test native_runner_http_replies ... FAILED
test native_runner_http_task_lifecycle ... FAILED
test native_runner_http_conversations ... FAILED
test native_runner_http_inbox_and_limits ... FAILED
test native_runner_http_delegation ... FAILED
test native_runner_http_peer_mailbox ... FAILED
test verified_ingress::native_runner_http_verified_ingress ... FAILED
test native_runner_receive_current_authority ... FAILED
test native_runner_http_graphs ... FAILED

failures:

---- native_runner_http_conversation_lifecycle stdout ----

thread 'native_runner_http_conversation_lifecycle' (88125944) panicked at native/hagency/tests/runner.rs:44:53:
called `Result::unwrap()` on an `Err` value: Io(Os { code: 1, kind: PermissionDenied, message: "Operation not permitted" })
note: run with `RUST_BACKTRACE=1` environment variable to display a backtrace

---- native_runner_http_authority stdout ----

thread 'native_runner_http_authority' (88125943) panicked at native/hagency/tests/runner.rs:44:53:
called `Result::unwrap()` on an `Err` value: Io(Os { code: 1, kind: PermissionDenied, message: "Operation not permitted" })

---- native_runner_http_replies stdout ----

thread 'native_runner_http_replies' (88125950) panicked at native/hagency/tests/runner.rs:44:53:
called `Result::unwrap()` on an `Err` value: Io(Os { code: 1, kind: PermissionDenied, message: "Operation not permitted" })

---- native_runner_http_task_lifecycle stdout ----

thread 'native_runner_http_task_lifecycle' (88125951) panicked at native/hagency/tests/runner.rs:44:53:
called `Result::unwrap()` on an `Err` value: Io(Os { code: 1, kind: PermissionDenied, message: "Operation not permitted" })

---- native_runner_http_conversations stdout ----

thread 'native_runner_http_conversations' (88125945) panicked at native/hagency/tests/runner.rs:44:53:
called `Result::unwrap()` on an `Err` value: Io(Os { code: 1, kind: PermissionDenied, message: "Operation not permitted" })

---- native_runner_http_inbox_and_limits stdout ----

thread 'native_runner_http_inbox_and_limits' (88125948) panicked at native/hagency/tests/runner.rs:44:53:
called `Result::unwrap()` on an `Err` value: Io(Os { code: 1, kind: PermissionDenied, message: "Operation not permitted" })

---- native_runner_http_delegation stdout ----

thread 'native_runner_http_delegation' (88125946) panicked at native/hagency/tests/runner.rs:44:53:
called `Result::unwrap()` on an `Err` value: Io(Os { code: 1, kind: PermissionDenied, message: "Operation not permitted" })

---- native_runner_http_peer_mailbox stdout ----

thread 'native_runner_http_peer_mailbox' (88125949) panicked at native/hagency/tests/runner.rs:44:53:
called `Result::unwrap()` on an `Err` value: Io(Os { code: 1, kind: PermissionDenied, message: "Operation not permitted" })

---- verified_ingress::native_runner_http_verified_ingress stdout ----

thread 'verified_ingress::native_runner_http_verified_ingress' (88125953) panicked at native/hagency/tests/runner/verified_ingress.rs:11:53:
called `Result::unwrap()` on an `Err` value: Io(Os { code: 1, kind: PermissionDenied, message: "Operation not permitted" })

---- native_runner_receive_current_authority stdout ----

thread 'native_runner_receive_current_authority' (88125952) panicked at native/hagency/tests/runner.rs:44:53:
called `Result::unwrap()` on an `Err` value: Io(Os { code: 1, kind: PermissionDenied, message: "Operation not permitted" })

---- native_runner_http_graphs stdout ----

thread 'native_runner_http_graphs' (88125947) panicked at native/hagency/tests/runner.rs:44:53:
called `Result::unwrap()` on an `Err` value: Io(Os { code: 1, kind: PermissionDenied, message: "Operation not permitted" })


failures:
    native_runner_http_authority
    native_runner_http_conversation_lifecycle
    native_runner_http_conversations
    native_runner_http_delegation
    native_runner_http_graphs
    native_runner_http_inbox_and_limits
    native_runner_http_peer_mailbox
    native_runner_http_replies
    native_runner_http_task_lifecycle
    native_runner_receive_current_authority
    verified_ingress::native_runner_http_verified_ingress

test result: FAILED. 0 passed; 11 failed; 0 ignored; 0 measured; 0 filtered out; finished in 0.89s

error: test failed, to rerun pass `-p hagency --test runner`
