Diff in /Users/yuechen/home/hagency-peer-glm-20260912/native/hagency-metering/src/attribution.rs:357:
         }
     }
     let unattributed = agents.len() - attributed;
[31m-    let reason = (unattributed > 0)
(B[m[31m-        .then(|| format!("{unattributed} of {} agents could not be attributed", agents.len()));
(B[m[32m+    let reason = (unattributed > 0).then(|| {
(B[m[32m+        format!(
(B[m[32m+            "{unattributed} of {} agents could not be attributed",
(B[m[32m+            agents.len()
(B[m[32m+        )
(B[m[32m+    });
(B[m     FleetSummary {
         totals: (attributed > 0).then_some(totals),
         total: if attributed > 0 {
Diff in /Users/yuechen/home/hagency-peer-glm-20260912/native/hagency-metering/tests/attribution.rs:133:
             .as_array()
             .unwrap()
             .iter()
[31m-            .map(|entry| session(entry["file"].as_str().unwrap(), entry["text"].as_str().unwrap()))
(B[m[32m+            .map(|entry| {
(B[m[32m+                session(
(B[m[32m+                    entry["file"].as_str().unwrap(),
(B[m[32m+                    entry["text"].as_str().unwrap(),
(B[m[32m+                )
(B[m[32m+            })
(B[m             .collect();
         let bounds = match vector["bounds"].as_null() {
             Some(()) => None,
Diff in /Users/yuechen/home/hagency-peer-glm-20260912/native/hagency-metering/tests/attribution.rs:171:
                 }
             }
         }
[31m-        assert_eq!(projected, vector["expected"], "fleet vector {}", vector["name"]);
(B[m[32m+        assert_eq!(
(B[m[32m+            projected, vector["expected"],
(B[m[32m+            "fleet vector {}",
(B[m[32m+            vector["name"]
(B[m[32m+        );
(B[m     }
 }
 
Diff in /Users/yuechen/home/hagency-peer-glm-20260912/native/hagency-metering/tests/attribution.rs:242:
     assert!(!unsupported.available);
     assert_eq!(
         unsupported.reason.as_deref(),
[31m-        Some("octos session files record no usage object and no cwd, so consumption can be neither counted nor attributed from them")
(B[m[32m+        Some(
(B[m[32m+            "octos session files record no usage object and no cwd, so consumption can be neither counted nor attributed from them"
(B[m[32m+        )
(B[m     );
     assert!(unsupported.totals.is_none());
     assert!(unsupported.total.is_none());
Diff in /Users/yuechen/home/hagency-peer-glm-20260912/native/hagency-metering/tests/attribution.rs:269:
     assert!(!no_workspace.available);
     assert_eq!(
         no_workspace.reason.as_deref(),
[31m-        Some("no workspace recorded for this agent, so its transcripts cannot be located; a running agent reports one and a stopped one may never have")
(B[m[32m+        Some(
(B[m[32m+            "no workspace recorded for this agent, so its transcripts cannot be located; a running agent reports one and a stopped one may never have"
(B[m[32m+        )
(B[m     );
     // `workdir` is a search key, not an observation: alone it must not meter.
     assert!(no_workspace.workspace.is_none());
Diff in /Users/yuechen/home/hagency-peer-glm-20260912/native/hagency-metering/tests/attribution.rs:450:
         }],
         PROCESS_CWD,
     );
[31m-    assert_eq!(nothing.total, None, "nothing attributable yields null, never zero");
(B[m[32m+    assert_eq!(
(B[m[32m+        nothing.total, None,
(B[m[32m+        "nothing attributable yields null, never zero"
(B[m[32m+    );
(B[m     assert_eq!(nothing.totals, None);
     assert_eq!(nothing.attributed, 0);
 }
