   Compiling hagency-runtime v0.1.0 (/Users/yuechen/home/hagency-peer-glm-20260912/native/hagency-runtime)
   Compiling hagency-execution v0.1.0 (/Users/yuechen/home/hagency-peer-glm-20260912/native/hagency-execution)
    Finished `test` profile [unoptimized + debuginfo] target(s) in 2.94s
     Running unittests src/lib.rs (target/debug/deps/hagency_execution-2498075185bbf466)

running 25 tests
test operation::tests::native_settlement_cause_markers_are_distinct ... ok
test approval::state::trace_tests::native_approval_trace_labels_every_phase ... ok
test host::tests::native_file_tools_host_profile ... ok
test host::tests::native_receive_tools_host_profile ... ok
test reply_loss::native_workspace_registration_gate_expired_ready_ack ... ok
test approval_loss::native_owned_approval_receipt_before_resolution ... FAILED
test reply_loss::native_owned_dispatch_lost_receipt_never_spawns ... FAILED
test approval_loss::native_owned_approval_resolved_before_first_byte ... FAILED
test workspace::approval_path::tests::native_owned_approval_workspace_projection ... ok
test reply_loss::native_workspace_binding_retirement_unwind ... FAILED
test approval_loss::native_owned_approval_caller_loss ... FAILED
test usage::tests::native_owned_usage_pending_retry ... FAILED
test approval_loss::native_owned_approval_barriers_pending_receipt ... FAILED
test reply_loss::native_workspace_binding_lost_start ... FAILED
test approval_loss::native_owned_approval_in_flight_resolution_completes_write ... FAILED
test reply_loss::native_bootstrap_unknown_start ... FAILED
test approval_loss::native_owned_approval_no_second_frame_after_resolution ... FAILED
test usage::tests::native_owned_usage_normalization_refusal_retains_evidence ... FAILED
test approval_loss::native_owned_approval_usage_unknown_slot ... FAILED
test reply_loss::native_owned_usage_lost_binding_never_spawns ... FAILED
test approval_loss::native_owned_approval_usage_successful_control ... FAILED
test approval_loss::native_owned_approval_resolution_before_admission_cancels ... FAILED
test usage::tests::native_owned_usage_source_guards ... FAILED
test usage::tests::native_owned_usage_restart_and_capacity ... FAILED
test workspace::approval_path::tests::native_owned_approval_workspace_scope ... FAILED

failures:

---- approval_loss::native_owned_approval_receipt_before_resolution stdout ----

thread 'approval_loss::native_owned_approval_receipt_before_resolution' (89911446) panicked at native/hagency-execution/src/../tests/support/approval_loss.rs:53:62:
called `Result::unwrap()` on an `Err` value: Io(Os { code: 1, kind: PermissionDenied, message: "Operation not permitted" })
note: run with `RUST_BACKTRACE=1` environment variable to display a backtrace

---- reply_loss::native_owned_dispatch_lost_receipt_never_spawns stdout ----

thread 'reply_loss::native_owned_dispatch_lost_receipt_never_spawns' (89911455) panicked at native/hagency-execution/src/../tests/support/reply_loss.rs:61:69:
called `Result::unwrap()` on an `Err` value: Io(Os { code: 1, kind: PermissionDenied, message: "Operation not permitted" })

---- approval_loss::native_owned_approval_resolved_before_first_byte stdout ----

thread 'approval_loss::native_owned_approval_resolved_before_first_byte' (89911448) panicked at native/hagency-execution/src/../tests/support/approval_loss.rs:53:62:
called `Result::unwrap()` on an `Err` value: Io(Os { code: 1, kind: PermissionDenied, message: "Operation not permitted" })

---- reply_loss::native_workspace_binding_retirement_unwind stdout ----

thread 'reply_loss::native_workspace_binding_retirement_unwind' (89911458) panicked at native/hagency-execution/src/../tests/support/reply_loss.rs:61:69:
called `Result::unwrap()` on an `Err` value: Io(Os { code: 1, kind: PermissionDenied, message: "Operation not permitted" })

---- approval_loss::native_owned_approval_caller_loss stdout ----

thread 'approval_loss::native_owned_approval_caller_loss' (89911443) panicked at native/hagency-execution/src/../tests/support/approval_loss.rs:53:62:
called `Result::unwrap()` on an `Err` value: Io(Os { code: 1, kind: PermissionDenied, message: "Operation not permitted" })

---- usage::tests::native_owned_usage_pending_retry stdout ----

thread 'usage::tests::native_owned_usage_pending_retry' (89911461) panicked at native/hagency-execution/src/../tests/support/usage.rs:27:73:
called `Result::unwrap()` on an `Err` value: Io(Os { code: 1, kind: PermissionDenied, message: "Operation not permitted" })

---- approval_loss::native_owned_approval_barriers_pending_receipt stdout ----

thread 'approval_loss::native_owned_approval_barriers_pending_receipt' (89911442) panicked at native/hagency-execution/src/../tests/support/approval_loss.rs:53:62:
called `Result::unwrap()` on an `Err` value: Io(Os { code: 1, kind: PermissionDenied, message: "Operation not permitted" })

---- reply_loss::native_workspace_binding_lost_start stdout ----

thread 'reply_loss::native_workspace_binding_lost_start' (89911457) panicked at native/hagency-execution/src/../tests/support/reply_loss.rs:61:69:
called `Result::unwrap()` on an `Err` value: Io(Os { code: 1, kind: PermissionDenied, message: "Operation not permitted" })

---- approval_loss::native_owned_approval_in_flight_resolution_completes_write stdout ----

thread 'approval_loss::native_owned_approval_in_flight_resolution_completes_write' (89911444) panicked at native/hagency-execution/src/../tests/support/approval_loss.rs:53:62:
called `Result::unwrap()` on an `Err` value: Io(Os { code: 1, kind: PermissionDenied, message: "Operation not permitted" })

---- reply_loss::native_bootstrap_unknown_start stdout ----

thread 'reply_loss::native_bootstrap_unknown_start' (89911454) panicked at native/hagency-execution/src/../tests/support/reply_loss.rs:61:69:
called `Result::unwrap()` on an `Err` value: Io(Os { code: 1, kind: PermissionDenied, message: "Operation not permitted" })

---- approval_loss::native_owned_approval_no_second_frame_after_resolution stdout ----

thread 'approval_loss::native_owned_approval_no_second_frame_after_resolution' (89911445) panicked at native/hagency-execution/src/../tests/support/approval_loss.rs:53:62:
called `Result::unwrap()` on an `Err` value: Io(Os { code: 1, kind: PermissionDenied, message: "Operation not permitted" })

---- usage::tests::native_owned_usage_normalization_refusal_retains_evidence stdout ----

thread 'usage::tests::native_owned_usage_normalization_refusal_retains_evidence' (89911460) panicked at native/hagency-execution/src/../tests/support/usage.rs:27:73:
called `Result::unwrap()` on an `Err` value: Io(Os { code: 1, kind: PermissionDenied, message: "Operation not permitted" })

---- approval_loss::native_owned_approval_usage_unknown_slot stdout ----

thread 'approval_loss::native_owned_approval_usage_unknown_slot' (89911450) panicked at native/hagency-execution/src/../tests/support/approval_loss.rs:53:62:
called `Result::unwrap()` on an `Err` value: Io(Os { code: 1, kind: PermissionDenied, message: "Operation not permitted" })

---- reply_loss::native_owned_usage_lost_binding_never_spawns stdout ----

thread 'reply_loss::native_owned_usage_lost_binding_never_spawns' (89911456) panicked at native/hagency-execution/src/../tests/support/reply_loss.rs:61:69:
called `Result::unwrap()` on an `Err` value: Io(Os { code: 1, kind: PermissionDenied, message: "Operation not permitted" })

---- approval_loss::native_owned_approval_usage_successful_control stdout ----

thread 'approval_loss::native_owned_approval_usage_successful_control' (89911449) panicked at native/hagency-execution/src/../tests/support/approval_loss.rs:53:62:
called `Result::unwrap()` on an `Err` value: Io(Os { code: 1, kind: PermissionDenied, message: "Operation not permitted" })

---- approval_loss::native_owned_approval_resolution_before_admission_cancels stdout ----

thread 'approval_loss::native_owned_approval_resolution_before_admission_cancels' (89911447) panicked at native/hagency-execution/src/../tests/support/approval_loss.rs:53:62:
called `Result::unwrap()` on an `Err` value: Io(Os { code: 1, kind: PermissionDenied, message: "Operation not permitted" })

---- usage::tests::native_owned_usage_source_guards stdout ----

thread 'usage::tests::native_owned_usage_source_guards' (89911513) panicked at native/hagency-execution/src/../tests/support/usage.rs:27:73:
called `Result::unwrap()` on an `Err` value: Io(Os { code: 1, kind: PermissionDenied, message: "Operation not permitted" })

---- usage::tests::native_owned_usage_restart_and_capacity stdout ----

thread 'usage::tests::native_owned_usage_restart_and_capacity' (89911512) panicked at native/hagency-execution/src/../tests/support/usage.rs:27:73:
called `Result::unwrap()` on an `Err` value: Io(Os { code: 1, kind: PermissionDenied, message: "Operation not permitted" })

---- workspace::approval_path::tests::native_owned_approval_workspace_scope stdout ----

thread 'workspace::approval_path::tests::native_owned_approval_workspace_scope' (89911515) panicked at native/hagency-execution/src/../tests/support/approval_loss.rs:53:62:
called `Result::unwrap()` on an `Err` value: Io(Os { code: 1, kind: PermissionDenied, message: "Operation not permitted" })


failures:
    approval_loss::native_owned_approval_barriers_pending_receipt
    approval_loss::native_owned_approval_caller_loss
    approval_loss::native_owned_approval_in_flight_resolution_completes_write
    approval_loss::native_owned_approval_no_second_frame_after_resolution
    approval_loss::native_owned_approval_receipt_before_resolution
    approval_loss::native_owned_approval_resolution_before_admission_cancels
    approval_loss::native_owned_approval_resolved_before_first_byte
    approval_loss::native_owned_approval_usage_successful_control
    approval_loss::native_owned_approval_usage_unknown_slot
    reply_loss::native_bootstrap_unknown_start
    reply_loss::native_owned_dispatch_lost_receipt_never_spawns
    reply_loss::native_owned_usage_lost_binding_never_spawns
    reply_loss::native_workspace_binding_lost_start
    reply_loss::native_workspace_binding_retirement_unwind
    usage::tests::native_owned_usage_normalization_refusal_retains_evidence
    usage::tests::native_owned_usage_pending_retry
    usage::tests::native_owned_usage_restart_and_capacity
    usage::tests::native_owned_usage_source_guards
    workspace::approval_path::tests::native_owned_approval_workspace_scope

test result: FAILED. 6 passed; 19 failed; 0 ignored; 0 measured; 0 filtered out; finished in 1.30s

error: test failed, to rerun pass `-p hagency-execution --lib`
