   Compiling hagency-runtime v0.1.0 (/Users/yuechen/home/hagency-peer-glm-20260912/native/hagency-runtime)
   Compiling hagency-execution v0.1.0 (/Users/yuechen/home/hagency-peer-glm-20260912/native/hagency-execution)
    Finished `test` profile [unoptimized + debuginfo] target(s) in 2.95s
     Running unittests src/lib.rs (target/debug/deps/hagency_execution-2498075185bbf466)

running 31 tests
test approval::control::send_failure_tests::native_partial_write_keeps_protocol_and_uncertainty ... ok
test approval::control::send_failure_tests::native_never_transmitted_frame_is_peer_unavailable ... ok
test operation::tests::native_settlement_cause_keeps_the_first_marker ... ok
test approval::state::trace_tests::native_approval_trace_labels_every_phase ... ok
test operation::tests::native_settlement_cause_markers_are_distinct ... ok
test host::tests::native_file_tools_host_profile ... ok
test host::tests::native_receive_tools_host_profile ... ok
test reply_loss::native_bootstrap_unknown_start ... FAILED
test approval_loss::native_owned_approval_barriers_pending_receipt ... FAILED
test reply_loss::native_workspace_registration_gate_expired_ready_ack ... ok
test reply_loss::native_workspace_binding_lost_start ... FAILED
test approval_loss::native_owned_approval_receipt_before_resolution ... FAILED
test approval_loss::native_owned_approval_acceptance_reconcile_accepted ... FAILED
test approval_loss::native_owned_approval_usage_successful_control ... FAILED
test workspace::approval_path::tests::native_owned_approval_workspace_projection ... ok
test approval_loss::native_owned_approval_peer_gone_before_first_byte ... FAILED
test reply_loss::native_owned_dispatch_lost_receipt_never_spawns ... FAILED
test approval_loss::native_owned_approval_resolution_before_admission_cancels ... FAILED
test approval_loss::native_owned_approval_usage_unknown_slot ... FAILED
test reply_loss::native_owned_usage_lost_binding_never_spawns ... FAILED
test approval_loss::native_owned_approval_resolved_before_first_byte ... FAILED
test approval_loss::native_owned_approval_in_flight_resolution_completes_write ... FAILED
test approval_loss::native_owned_approval_caller_loss ... FAILED
test approval_loss::native_owned_approval_no_second_frame_after_resolution ... FAILED
test approval_loss::native_owned_approval_acceptance_reconcile_unrecorded ... FAILED
test reply_loss::native_workspace_binding_retirement_unwind ... FAILED
test usage::tests::native_owned_usage_restart_and_capacity ... FAILED
test usage::tests::native_owned_usage_pending_retry ... FAILED
test usage::tests::native_owned_usage_source_guards ... FAILED
test usage::tests::native_owned_usage_normalization_refusal_retains_evidence ... FAILED
test workspace::approval_path::tests::native_owned_approval_workspace_scope ... FAILED

failures:

---- reply_loss::native_bootstrap_unknown_start stdout ----

thread 'reply_loss::native_bootstrap_unknown_start' (91022835) panicked at native/hagency-execution/src/../tests/support/reply_loss.rs:61:69:
called `Result::unwrap()` on an `Err` value: Io(Os { code: 1, kind: PermissionDenied, message: "Operation not permitted" })
note: run with `RUST_BACKTRACE=1` environment variable to display a backtrace

---- approval_loss::native_owned_approval_barriers_pending_receipt stdout ----

thread 'approval_loss::native_owned_approval_barriers_pending_receipt' (91022821) panicked at native/hagency-execution/src/../tests/support/approval_loss.rs:57:62:
called `Result::unwrap()` on an `Err` value: Io(Os { code: 1, kind: PermissionDenied, message: "Operation not permitted" })

---- reply_loss::native_workspace_binding_lost_start stdout ----

thread 'reply_loss::native_workspace_binding_lost_start' (91022838) panicked at native/hagency-execution/src/../tests/support/reply_loss.rs:61:69:
called `Result::unwrap()` on an `Err` value: Io(Os { code: 1, kind: PermissionDenied, message: "Operation not permitted" })

---- approval_loss::native_owned_approval_receipt_before_resolution stdout ----

thread 'approval_loss::native_owned_approval_receipt_before_resolution' (91022826) panicked at native/hagency-execution/src/../tests/support/approval_loss.rs:57:62:
called `Result::unwrap()` on an `Err` value: Io(Os { code: 1, kind: PermissionDenied, message: "Operation not permitted" })

---- approval_loss::native_owned_approval_acceptance_reconcile_accepted stdout ----

thread 'approval_loss::native_owned_approval_acceptance_reconcile_accepted' (91022819) panicked at native/hagency-execution/src/../tests/support/approval_loss.rs:57:62:
called `Result::unwrap()` on an `Err` value: Io(Os { code: 1, kind: PermissionDenied, message: "Operation not permitted" })

---- approval_loss::native_owned_approval_usage_successful_control stdout ----

thread 'approval_loss::native_owned_approval_usage_successful_control' (91022829) panicked at native/hagency-execution/src/../tests/support/approval_loss.rs:57:62:
called `Result::unwrap()` on an `Err` value: Io(Os { code: 1, kind: PermissionDenied, message: "Operation not permitted" })

---- approval_loss::native_owned_approval_peer_gone_before_first_byte stdout ----

thread 'approval_loss::native_owned_approval_peer_gone_before_first_byte' (91022825) panicked at native/hagency-execution/src/../tests/support/approval_loss.rs:57:62:
called `Result::unwrap()` on an `Err` value: Io(Os { code: 1, kind: PermissionDenied, message: "Operation not permitted" })

---- reply_loss::native_owned_dispatch_lost_receipt_never_spawns stdout ----

thread 'reply_loss::native_owned_dispatch_lost_receipt_never_spawns' (91022836) panicked at native/hagency-execution/src/../tests/support/reply_loss.rs:61:69:
called `Result::unwrap()` on an `Err` value: Io(Os { code: 1, kind: PermissionDenied, message: "Operation not permitted" })

---- approval_loss::native_owned_approval_resolution_before_admission_cancels stdout ----

thread 'approval_loss::native_owned_approval_resolution_before_admission_cancels' (91022827) panicked at native/hagency-execution/src/../tests/support/approval_loss.rs:57:62:
called `Result::unwrap()` on an `Err` value: Io(Os { code: 1, kind: PermissionDenied, message: "Operation not permitted" })

---- approval_loss::native_owned_approval_usage_unknown_slot stdout ----

thread 'approval_loss::native_owned_approval_usage_unknown_slot' (91022830) panicked at native/hagency-execution/src/../tests/support/approval_loss.rs:57:62:
called `Result::unwrap()` on an `Err` value: Io(Os { code: 1, kind: PermissionDenied, message: "Operation not permitted" })

---- reply_loss::native_owned_usage_lost_binding_never_spawns stdout ----

thread 'reply_loss::native_owned_usage_lost_binding_never_spawns' (91022837) panicked at native/hagency-execution/src/../tests/support/reply_loss.rs:61:69:
called `Result::unwrap()` on an `Err` value: Io(Os { code: 1, kind: PermissionDenied, message: "Operation not permitted" })

---- approval_loss::native_owned_approval_resolved_before_first_byte stdout ----

thread 'approval_loss::native_owned_approval_resolved_before_first_byte' (91022828) panicked at native/hagency-execution/src/../tests/support/approval_loss.rs:57:62:
called `Result::unwrap()` on an `Err` value: Io(Os { code: 1, kind: PermissionDenied, message: "Operation not permitted" })

---- approval_loss::native_owned_approval_in_flight_resolution_completes_write stdout ----

thread 'approval_loss::native_owned_approval_in_flight_resolution_completes_write' (91022823) panicked at native/hagency-execution/src/../tests/support/approval_loss.rs:57:62:
called `Result::unwrap()` on an `Err` value: Io(Os { code: 1, kind: PermissionDenied, message: "Operation not permitted" })

---- approval_loss::native_owned_approval_caller_loss stdout ----

thread 'approval_loss::native_owned_approval_caller_loss' (91022822) panicked at native/hagency-execution/src/../tests/support/approval_loss.rs:57:62:
called `Result::unwrap()` on an `Err` value: Io(Os { code: 1, kind: PermissionDenied, message: "Operation not permitted" })

---- approval_loss::native_owned_approval_no_second_frame_after_resolution stdout ----

thread 'approval_loss::native_owned_approval_no_second_frame_after_resolution' (91022824) panicked at native/hagency-execution/src/../tests/support/approval_loss.rs:57:62:
called `Result::unwrap()` on an `Err` value: Io(Os { code: 1, kind: PermissionDenied, message: "Operation not permitted" })

---- approval_loss::native_owned_approval_acceptance_reconcile_unrecorded stdout ----

thread 'approval_loss::native_owned_approval_acceptance_reconcile_unrecorded' (91022820) panicked at native/hagency-execution/src/../tests/support/approval_loss.rs:57:62:
called `Result::unwrap()` on an `Err` value: Io(Os { code: 1, kind: PermissionDenied, message: "Operation not permitted" })

---- reply_loss::native_workspace_binding_retirement_unwind stdout ----

thread 'reply_loss::native_workspace_binding_retirement_unwind' (91022841) panicked at native/hagency-execution/src/../tests/support/reply_loss.rs:61:69:
called `Result::unwrap()` on an `Err` value: Io(Os { code: 1, kind: PermissionDenied, message: "Operation not permitted" })

---- usage::tests::native_owned_usage_restart_and_capacity stdout ----

thread 'usage::tests::native_owned_usage_restart_and_capacity' (91022845) panicked at native/hagency-execution/src/../tests/support/usage.rs:27:73:
called `Result::unwrap()` on an `Err` value: Io(Os { code: 1, kind: PermissionDenied, message: "Operation not permitted" })

---- usage::tests::native_owned_usage_pending_retry stdout ----

thread 'usage::tests::native_owned_usage_pending_retry' (91022844) panicked at native/hagency-execution/src/../tests/support/usage.rs:27:73:
called `Result::unwrap()` on an `Err` value: Io(Os { code: 1, kind: PermissionDenied, message: "Operation not permitted" })

---- usage::tests::native_owned_usage_source_guards stdout ----

thread 'usage::tests::native_owned_usage_source_guards' (91022846) panicked at native/hagency-execution/src/../tests/support/usage.rs:27:73:
called `Result::unwrap()` on an `Err` value: Io(Os { code: 1, kind: PermissionDenied, message: "Operation not permitted" })

---- usage::tests::native_owned_usage_normalization_refusal_retains_evidence stdout ----

thread 'usage::tests::native_owned_usage_normalization_refusal_retains_evidence' (91022843) panicked at native/hagency-execution/src/../tests/support/usage.rs:27:73:
called `Result::unwrap()` on an `Err` value: Io(Os { code: 1, kind: PermissionDenied, message: "Operation not permitted" })

---- workspace::approval_path::tests::native_owned_approval_workspace_scope stdout ----

thread 'workspace::approval_path::tests::native_owned_approval_workspace_scope' (91022848) panicked at native/hagency-execution/src/../tests/support/approval_loss.rs:57:62:
called `Result::unwrap()` on an `Err` value: Io(Os { code: 1, kind: PermissionDenied, message: "Operation not permitted" })


failures:
    approval_loss::native_owned_approval_acceptance_reconcile_accepted
    approval_loss::native_owned_approval_acceptance_reconcile_unrecorded
    approval_loss::native_owned_approval_barriers_pending_receipt
    approval_loss::native_owned_approval_caller_loss
    approval_loss::native_owned_approval_in_flight_resolution_completes_write
    approval_loss::native_owned_approval_no_second_frame_after_resolution
    approval_loss::native_owned_approval_peer_gone_before_first_byte
    approval_loss::native_owned_approval_receipt_before_resolution
    approval_loss::native_owned_approval_resolution_before_admission_cancels
    approval_loss::native_owned_approval_resolved_before_first_byte
    approval_loss::native_owned_approval_usage_successful_control
    approval_loss::native_owned_approval_usage_unknown_slot
    reply_loss::native_bootstrap_unknown_start
    reply_loss::native_owned_dispatch_lost_receipt_never_spawns
    reply_loss::native_owned_usage_lost_binding_never_spawns
    reply_loss::native_workspace_binding_lost_start
    reply_loss::native_workspace_binding_retirement_unwind
    usage::tests::native_owned_usage_normalization_refusal_retains_evidence
    usage::tests::native_owned_usage_pending_retry
    usage::tests::native_owned_usage_restart_and_capacity
    usage::tests::native_owned_usage_source_guards
    workspace::approval_path::tests::native_owned_approval_workspace_scope

test result: FAILED. 9 passed; 22 failed; 0 ignored; 0 measured; 0 filtered out; finished in 1.65s

error: test failed, to rerun pass `-p hagency-execution --lib`
