   Compiling hagency-runtime v0.1.0 (/Users/yuechen/home/hagency-peer-glm-20260912/native/hagency-runtime)
    Finished `test` profile [unoptimized + debuginfo] target(s) in 1.06s
     Running tests/owned.rs (target/debug/deps/owned-f32d467493f5a9a9)

running 8 tests
test native_owned_runner_failures_mid_write_cancel_retains_cleanup ... FAILED
test native_owned_runner_admission_failed_spawn_and_guarantees ... ok
test native_owned_runner_custody_descendants_follow_existing_scope_guarantees ... FAILED
test native_owned_runner_lifecycle_real_owned_pipes ... FAILED
test native_owned_control_drop_stops_original_process ... FAILED
test native_owned_runner_failures_eof_timeout_and_noisy_stderr ... FAILED
test native_owned_runner_custody_stream_close_does_not_stop_child ... FAILED
test native_owned_runner_custody_gated_progress ... FAILED

failures:

---- native_owned_runner_failures_mid_write_cancel_retains_cleanup stdout ----

thread 'native_owned_runner_failures_mid_write_cancel_retains_cleanup' (91025015) panicked at native/hagency-runtime/tests/owned.rs:252:31:
called `Result::unwrap()` on an `Err` value: Transport(PeerEof)
note: run with `RUST_BACKTRACE=1` environment variable to display a backtrace

---- native_owned_runner_custody_descendants_follow_existing_scope_guarantees stdout ----

thread 'native_owned_runner_custody_descendants_follow_existing_scope_guarantees' (91025011) panicked at native/hagency-runtime/tests/owned.rs:96:31:
called `Result::unwrap()` on an `Err` value: Transport(PeerEof)

---- native_owned_runner_lifecycle_real_owned_pipes stdout ----

thread 'native_owned_runner_lifecycle_real_owned_pipes' (91025016) panicked at native/hagency-runtime/tests/owned.rs:96:31:
called `Result::unwrap()` on an `Err` value: Transport(PeerEof)

---- native_owned_control_drop_stops_original_process stdout ----

thread 'native_owned_control_drop_stops_original_process' (91025009) panicked at native/hagency-runtime/tests/owned.rs:433:31:
called `Result::unwrap()` on an `Err` value: Transport(PeerEof)

---- native_owned_runner_failures_eof_timeout_and_noisy_stderr stdout ----

thread 'native_owned_runner_failures_eof_timeout_and_noisy_stderr' (91025014) panicked at native/hagency-runtime/tests/owned.rs:227:5:
assertion `left == right` failed
  left: Some(Transport(PeerEof))
 right: Some(Transport(Timeout))

---- native_owned_runner_custody_stream_close_does_not_stop_child stdout ----

thread 'native_owned_runner_custody_stream_close_does_not_stop_child' (91025013) panicked at native/hagency-runtime/tests/owned.rs:66:9:
pulse deadline: observed=0, required=3

---- native_owned_runner_custody_gated_progress stdout ----

thread 'native_owned_runner_custody_gated_progress' (91025012) panicked at native/hagency-runtime/tests/owned.rs:66:9:
pulse deadline: observed=0, required=3


failures:
    native_owned_control_drop_stops_original_process
    native_owned_runner_custody_descendants_follow_existing_scope_guarantees
    native_owned_runner_custody_gated_progress
    native_owned_runner_custody_stream_close_does_not_stop_child
    native_owned_runner_failures_eof_timeout_and_noisy_stderr
    native_owned_runner_failures_mid_write_cancel_retains_cleanup
    native_owned_runner_lifecycle_real_owned_pipes

test result: FAILED. 1 passed; 7 failed; 0 ignored; 0 measured; 0 filtered out; finished in 3.33s

error: test failed, to rerun pass `-p hagency-runtime --test owned`
