   Compiling syn v3.0.5
   Compiling serde_core v1.0.229
    Checking memchr v2.8.3
   Compiling serde v1.0.229
   Compiling serde_derive v1.0.229
    Checking getrandom v0.2.17
    Checking rand_core v0.6.4
   Compiling tokio-macros v2.7.2
   Compiling thiserror-impl v2.0.20
    Checking tokio v1.53.1
    Checking crypto-common v0.1.7
    Checking thiserror v2.0.20
   Compiling zeroize_derive v1.5.0
   Compiling libc v0.2.189
   Compiling jobserver v0.1.35
    Checking zeroize v1.9.0
    Checking subtle v2.6.1
   Compiling cc v1.4.5
    Checking serde_json v1.0.151
   Compiling zerovec-derive v0.11.6
    Checking smallvec v1.16.0
   Compiling displaydoc v0.2.7
    Checking zerovec v0.11.8
    Checking bitflags v2.13.2
    Checking rand_core v0.10.1
   Compiling getrandom v0.4.3
    Checking tracing-core v0.1.36
    Checking http v1.5.0
    Checking tinystr v0.8.4
    Checking tracing v0.1.44
    Checking potential_utf v0.1.6
    Checking zerotrie v0.2.5
    Checking icu_locale_core v2.3.0
    Checking icu_collections v2.3.0
    Checking digest v0.10.7
   Compiling toml_datetime v1.1.1+spec-1.1.0
    Checking icu_provider v2.3.1
    Checking futures-core v0.3.34
    Checking indexmap v2.14.2
    Checking icu_normalizer v2.3.0
    Checking icu_properties v2.3.0
    Checking rustix v1.1.4
   Compiling toml_edit v0.25.13+spec-1.1.0
    Checking aho-corasick v1.1.5
   Compiling proc-macro-crate v3.5.0
    Checking idna_adapter v1.2.2
    Checking regex-automata v0.4.18
    Checking futures-sink v0.3.34
    Checking futures-channel v0.3.34
    Checking idna v1.1.0
   Compiling futures-macro v0.3.34
    Checking futures-io v0.3.34
    Checking slab v0.4.12
    Checking futures-task v0.3.34
    Checking regex v1.13.1
    Checking futures-util v0.3.34
    Checking url v2.5.8
    Checking chacha20 v0.10.2
   Compiling getrandom v0.3.4
    Checking rand v0.10.2
   Compiling serde_spanned v1.1.1
    Checking typewit v1.15.2
   Compiling ruma-identifiers-validation v0.12.1
    Checking const_panic v0.2.17
   Compiling toml v1.1.5+spec-1.1.0
    Checking js_int v0.2.2
   Compiling ruma-common v0.19.0
    Checking time v0.3.55
   Compiling ruma-macros v0.19.0
    Checking konst v0.4.3
    Checking sha2 v0.10.9
    Checking serde_html_form v0.4.1
    Checking uuid v1.26.1
    Checking date_header v1.0.5
    Checking tokio-util v0.7.19
    Checking hagency-platform v0.1.0 (/Users/yuechen/home/hagency-peer-glm-20260912/native/hagency-platform)
    Checking hmac v0.12.1
    Checking block-padding v0.3.3
   Compiling zerocopy v0.8.57
    Checking inout v0.1.4
    Checking fs-set-times v0.20.3
   Compiling autocfg v1.5.1
    Checking cap-primitives v4.0.3
   Compiling num-traits v0.2.19
   Compiling libsqlite3-sys v0.35.0
    Checking cipher v0.4.4
    Checking rand_core v0.9.5
   Compiling semver v1.0.28
   Compiling rustc_version v0.4.1
    Checking ppv-lite86 v0.2.21
    Checking cap-std v4.0.3
    Checking fastrand v2.5.0
   Compiling either v1.18.0
    Checking tempfile v3.27.0
    Checking cap-fs-ext v4.0.3
   Compiling curve25519-dalek v4.1.3
    Checking hagency-runtime v0.1.0 (/Users/yuechen/home/hagency-peer-glm-20260912/native/hagency-runtime)
   Compiling ruma-events v0.34.0
   Compiling httparse v1.10.1
   Compiling anyhow v1.0.104
    Checking rusqlite v0.37.0
    Checking http-body v1.1.0
   Compiling ring v0.17.14
    Checking universal-hash v0.5.1
    Checking js_option v0.2.0
    Checking bitmaps v3.2.1
   Compiling ruma-client-api v0.24.0
    Checking opaque-debug v0.3.1
    Checking hagency-core v0.1.0 (/Users/yuechen/home/hagency-peer-glm-20260912/native/hagency-core)
    Checking poly1305 v0.8.0
    Checking imbl-sized-chunks v0.1.3
   Compiling itertools v0.14.0
    Checking rand_xoshiro v0.7.0
    Checking chacha20 v0.9.1
    Checking hagency-metering v0.1.0 (/Users/yuechen/home/hagency-peer-glm-20260912/native/hagency-metering)
    Checking aead v0.5.2
    Checking arrayvec v0.7.8
   Compiling async-trait v0.1.92
    Checking assign v1.1.1
    Checking maplit v1.0.2
    Checking fnv v1.0.7
    Checking httpdate v1.0.3
   Compiling rustversion v1.0.23
    Checking signature v2.2.0
    Checking try-lock v0.2.5
    Checking archery v1.2.3
    Checking atomic-waker v1.1.2
    Checking tower-service v0.3.3
    Checking imbl v6.1.0
    Checking h2 v0.4.19
    Checking ed25519 v2.2.3
    Checking want v0.3.1
   Compiling prost-derive v0.14.4
    Checking chacha20poly1305 v0.10.1
    Checking hagency-store v0.1.0 (/Users/yuechen/home/hagency-peer-glm-20260912/native/hagency-store)
    Checking hagency-files v0.1.0 (/Users/yuechen/home/hagency-peer-glm-20260912/native/hagency-files)
    Checking rmp v0.8.15
    Checking rand_chacha v0.9.0
    Checking rand_chacha v0.3.1
   Compiling matrix-pickle-derive v0.2.3
    Checking rustls-pki-types v1.15.1
    Checking serde_bytes v0.11.19
   Compiling include_dir_macros v0.7.4
   Compiling proc-macro-error-attr2 v2.0.0
    Checking untrusted v0.9.0
   Compiling matrix-sdk-common v0.18.0
    Checking log v0.4.34
   Compiling proc-macro-error2 v2.0.1
    Checking ruma v0.16.0
   Compiling include_dir v0.7.4
    Checking matrix-pickle v0.2.3
    Checking rand v0.8.8
    Checking rand v0.9.5
    Checking rmp-serde v1.3.1
    Checking prost v0.14.4
    Checking hyper v1.11.1
    Checking ed25519-dalek v2.2.0
    Checking eyeball-im v0.8.0
    Checking x25519-dalek v2.0.1
   Compiling itertools v0.10.5
    Checking aes v0.8.4
    Checking cbc v0.1.2
    Checking hkdf v0.12.4
    Checking tokio-stream v0.1.19
   Compiling zstd-sys v2.1.0+zstd.1.5.7
    Checking sync_wrapper v1.0.2
    Checking pbkdf2 v0.12.2
    Checking readlock-tokio v0.1.6
    Checking scopeguard v1.2.0
    Checking base64ct v1.8.3
    Checking readlock v0.1.11
   Compiling rustls v0.23.44
    Checking eyeball v0.8.8
    Checking vodozemac v0.10.0
   Compiling aquamarine v0.6.0
   Compiling encoding_rs v0.8.41
    Checking hyper-util v0.1.20
    Checking ulid v1.2.1
    Checking rustls-webpki v0.103.15
    Checking ctr v0.9.2
   Compiling blake3 v1.8.7
    Checking ryu v1.0.23
    Checking byteorder v1.5.0
    Checking bs58 v0.5.1
    Checking matrix-sdk-crypto v0.18.0
    Checking serde_urlencoded v0.7.1
    Checking http-body-util v0.1.5
    Checking tower-layer v0.3.3
   Compiling crc32fast v1.5.1
   Compiling multiversion_no_op v1.0.0
   Compiling decancer v3.3.3
   Compiling zstd-safe v7.3.0
    Checking simdutf8 v0.1.5
    Checking alloc-no-stdlib v2.0.4
    Checking constant_time_eq v0.4.2
   Compiling unicase v2.9.0
    Checking mime v0.3.17
   Compiling parking_lot_core v0.9.12
   Compiling mime-infer v4.0.1
    Checking alloc-stdlib v0.2.4
    Checking tower v0.5.3
    Checking tokio-rustls v0.26.4
    Checking webpki-roots v1.0.9
    Checking hagency-execution v0.1.0 (/Users/yuechen/home/hagency-peer-glm-20260912/native/hagency-execution)
    Checking deadpool-runtime v0.3.1
    Checking xxhash-rust v0.8.18
    Checking unicode-bidi v0.3.18
    Checking simd-adler32 v0.3.10
    Checking utf8parse v0.2.2
   Compiling unicode-general-category v0.6.0
    Checking adler2 v2.0.1
    Checking miniz_oxide v0.9.1
    Checking anstyle-parse v1.0.0
    Checking idna v0.3.0
    Checking growable-bloom-filter v2.1.1
    Checking hyper-rustls v0.27.9
    Checking tower-http v0.6.11
    Checking brotli-decompressor v5.0.3
    Checking matrix-sdk-store-encryption v0.18.0
    Checking lock_api v0.4.14
    Checking sha1 v0.10.7
    Checking headers-core v0.3.0
   Compiling salvo-serde-util v0.96.0
   Compiling enumflags2_derive v0.7.12
   Compiling pin-project-internal v1.1.13
    Checking anstyle v1.0.14
    Checking is_terminal_polyfill v1.70.2
    Checking xml v1.4.0
    Checking colorchoice v1.0.5
    Checking unicode-id v0.3.6
    Checking anstyle-query v1.1.5
    Checking markdown v1.0.0
    Checking anstream v1.0.0
    Checking serde-xml-rs v0.8.2
    Checking pin-project v1.1.13
    Checking enumflags2 v0.7.12
   Compiling salvo_macros v0.96.0
    Checking headers v0.4.1
    Checking parking_lot v0.12.5
    Checking matrix-sdk-base v0.18.0
    Checking brotli v8.0.4
    Checking flate2 v1.1.10
    Checking reqwest v0.12.28
    Checking zstd v0.13.3
    Checking mdurl v0.3.1
    Checking deadpool-sync v0.2.0
    Checking deadpool v0.13.1
    Checking multra v1.1.0
    Checking chardetng v1.0.0
    Checking hagency-media v0.1.0 (/Users/yuechen/home/hagency-peer-glm-20260912/native/hagency-media)
    Checking multimap v0.10.1
    Checking serde_path_to_error v0.1.20
    Checking linkify v0.10.0
    Checking content_inspector v0.2.4
    Checking num_cpus v1.17.0
    Checking lazy_static v1.5.0
   Compiling heck v0.5.0
    Checking base64 v0.23.1
    Checking strsim v0.11.1
    Checking clap_lex v1.1.0
    Checking salvo_core v0.96.0
    Checking clap_builder v4.6.6
   Compiling clap_derive v4.6.4
    Checking sharded-slab v0.1.7
    Checking matrix-sdk-sqlite v0.18.0
    Checking hagency-matrix-format v0.1.0 (/Users/yuechen/home/hagency-peer-glm-20260912/native/hagency-matrix-format)
    Checking hagency-media-store v0.1.0 (/Users/yuechen/home/hagency-peer-glm-20260912/native/hagency-media-store)
    Checking tracing-log v0.2.0
    Checking matchers v0.2.0
    Checking thread_local v1.1.10
    Checking nu-ansi-term v0.50.3
    Checking tracing-subscriber v0.3.23
    Checking hagency-matrix v0.1.0 (/Users/yuechen/home/hagency-peer-glm-20260912/native/hagency-matrix)
    Checking salvo v0.96.0
    Checking clap v4.6.6
    Checking hagency-palpo v0.1.0 (/Users/yuechen/home/hagency-peer-glm-20260912/native/hagency-palpo)
    Checking futures-executor v0.3.34
   Compiling rmcp v1.8.0
    Checking hagency v0.1.0 (/Users/yuechen/home/hagency-peer-glm-20260912/native/hagency)
    Checking futures v0.3.34
    Checking chrono v0.4.45
    Finished `dev` profile [unoptimized + debuginfo] target(s) in 1m 02s
