   Compiling hagency-execution v0.1.0 (/Users/yuechen/home/hagency-peer-glm-20260912/native/hagency-execution)
    Finished `test` profile [unoptimized + debuginfo] target(s) in 1.50s
     Running unittests src/lib.rs (target/debug/deps/hagency_execution-2498075185bbf466)

running 34 tests
test approval::control::send_failure_tests::native_partial_write_keeps_protocol_and_uncertainty ... ok
test approval::control::send_failure_tests::native_never_transmitted_frame_is_peer_unavailable ... ok
test approval::state::trace_tests::native_approval_trace_labels_every_phase ... ok
test host::tests::native_file_tools_host_profile ... ok
test operation::tests::native_peer_unavailable_carries_no_settlement_cause ... ok
test operation::tests::native_settlement_cause_keeps_the_first_marker ... ok
test host::tests::native_receive_tools_host_profile ... ok
test operation::tests::native_settlement_cause_markers_are_distinct ... ok
test approval_loss::native_owned_approval_acceptance_reconcile_unrecorded ... FAILED
test approval_loss::native_owned_approval_in_flight_resolution_completes_write ... FAILED
test approval_loss::native_owned_approval_resolution_before_admission_cancels ... FAILED
test reply_loss::native_bootstrap_unknown_start ... FAILED
test reply_loss::native_workspace_registration_gate_expired_ready_ack ... ok
test approval_loss::native_owned_approval_receipt_before_resolution ... FAILED
test approval_loss::native_owned_approval_turn_end_untransmitted ... FAILED
test approval_loss::native_owned_approval_barriers_pending_receipt ... FAILED
test reply_loss::native_owned_dispatch_lost_receipt_never_spawns ... FAILED
test workspace::approval_path::tests::native_owned_approval_workspace_projection ... ok
test approval_loss::native_owned_approval_usage_unknown_slot ... FAILED
test approval_loss::native_owned_approval_no_second_frame_after_resolution ... FAILED
test approval_loss::native_owned_approval_resolved_before_first_byte ... FAILED
test approval_loss::native_owned_approval_turn_end_midwrite_uncertain ... FAILED
test approval_loss::native_owned_approval_usage_successful_control ... FAILED
test approval_loss::native_owned_approval_acceptance_reconcile_accepted ... FAILED
test approval_loss::native_owned_approval_peer_gone_before_first_byte ... FAILED
test approval_loss::native_owned_approval_caller_loss ... FAILED
test reply_loss::native_workspace_binding_lost_start ... FAILED
test reply_loss::native_owned_usage_lost_binding_never_spawns ... FAILED
test usage::tests::native_owned_usage_normalization_refusal_retains_evidence ... FAILED
test reply_loss::native_workspace_binding_retirement_unwind ... FAILED
test usage::tests::native_owned_usage_pending_retry ... FAILED
test workspace::approval_path::tests::native_owned_approval_workspace_scope ... FAILED
test usage::tests::native_owned_usage_source_guards ... FAILED
test usage::tests::native_owned_usage_restart_and_capacity ... FAILED

failures:

---- approval_loss::native_owned_approval_acceptance_reconcile_unrecorded stdout ----

thread 'approval_loss::native_owned_approval_acceptance_reconcile_unrecorded' (92053945) panicked at native/hagency-execution/src/../tests/support/approval_loss.rs:63:62:
called `Result::unwrap()` on an `Err` value: Io(Os { code: 1, kind: PermissionDenied, message: "Operation not permitted" })
note: run with `RUST_BACKTRACE=1` environment variable to display a backtrace

---- approval_loss::native_owned_approval_in_flight_resolution_completes_write stdout ----

thread 'approval_loss::native_owned_approval_in_flight_resolution_completes_write' (92053948) panicked at native/hagency-execution/src/../tests/support/approval_loss.rs:63:62:
called `Result::unwrap()` on an `Err` value: Io(Os { code: 1, kind: PermissionDenied, message: "Operation not permitted" })

---- approval_loss::native_owned_approval_resolution_before_admission_cancels stdout ----

thread 'approval_loss::native_owned_approval_resolution_before_admission_cancels' (92053952) panicked at native/hagency-execution/src/../tests/support/approval_loss.rs:63:62:
called `Result::unwrap()` on an `Err` value: Io(Os { code: 1, kind: PermissionDenied, message: "Operation not permitted" })

---- reply_loss::native_bootstrap_unknown_start stdout ----

thread 'reply_loss::native_bootstrap_unknown_start' (92053963) panicked at native/hagency-execution/src/../tests/support/reply_loss.rs:61:69:
called `Result::unwrap()` on an `Err` value: Io(Os { code: 1, kind: PermissionDenied, message: "Operation not permitted" })

---- approval_loss::native_owned_approval_receipt_before_resolution stdout ----

thread 'approval_loss::native_owned_approval_receipt_before_resolution' (92053951) panicked at native/hagency-execution/src/../tests/support/approval_loss.rs:63:62:
called `Result::unwrap()` on an `Err` value: Io(Os { code: 1, kind: PermissionDenied, message: "Operation not permitted" })

---- approval_loss::native_owned_approval_turn_end_untransmitted stdout ----

thread 'approval_loss::native_owned_approval_turn_end_untransmitted' (92053955) panicked at native/hagency-execution/src/../tests/support/approval_loss.rs:63:62:
called `Result::unwrap()` on an `Err` value: Io(Os { code: 1, kind: PermissionDenied, message: "Operation not permitted" })

---- approval_loss::native_owned_approval_barriers_pending_receipt stdout ----

thread 'approval_loss::native_owned_approval_barriers_pending_receipt' (92053946) panicked at native/hagency-execution/src/../tests/support/approval_loss.rs:63:62:
called `Result::unwrap()` on an `Err` value: Io(Os { code: 1, kind: PermissionDenied, message: "Operation not permitted" })

---- reply_loss::native_owned_dispatch_lost_receipt_never_spawns stdout ----

thread 'reply_loss::native_owned_dispatch_lost_receipt_never_spawns' (92053964) panicked at native/hagency-execution/src/../tests/support/reply_loss.rs:61:69:
called `Result::unwrap()` on an `Err` value: Io(Os { code: 1, kind: PermissionDenied, message: "Operation not permitted" })

---- approval_loss::native_owned_approval_usage_unknown_slot stdout ----

thread 'approval_loss::native_owned_approval_usage_unknown_slot' (92053957) panicked at native/hagency-execution/src/../tests/support/approval_loss.rs:63:62:
called `Result::unwrap()` on an `Err` value: Io(Os { code: 1, kind: PermissionDenied, message: "Operation not permitted" })

---- approval_loss::native_owned_approval_no_second_frame_after_resolution stdout ----

thread 'approval_loss::native_owned_approval_no_second_frame_after_resolution' (92053949) panicked at native/hagency-execution/src/../tests/support/approval_loss.rs:63:62:
called `Result::unwrap()` on an `Err` value: Io(Os { code: 1, kind: PermissionDenied, message: "Operation not permitted" })

---- approval_loss::native_owned_approval_resolved_before_first_byte stdout ----

thread 'approval_loss::native_owned_approval_resolved_before_first_byte' (92053953) panicked at native/hagency-execution/src/../tests/support/approval_loss.rs:63:62:
called `Result::unwrap()` on an `Err` value: Io(Os { code: 1, kind: PermissionDenied, message: "Operation not permitted" })

---- approval_loss::native_owned_approval_turn_end_midwrite_uncertain stdout ----

thread 'approval_loss::native_owned_approval_turn_end_midwrite_uncertain' (92053954) panicked at native/hagency-execution/src/../tests/support/approval_loss.rs:63:62:
called `Result::unwrap()` on an `Err` value: Io(Os { code: 1, kind: PermissionDenied, message: "Operation not permitted" })

---- approval_loss::native_owned_approval_usage_successful_control stdout ----

thread 'approval_loss::native_owned_approval_usage_successful_control' (92053956) panicked at native/hagency-execution/src/../tests/support/approval_loss.rs:63:62:
called `Result::unwrap()` on an `Err` value: Io(Os { code: 1, kind: PermissionDenied, message: "Operation not permitted" })

---- approval_loss::native_owned_approval_acceptance_reconcile_accepted stdout ----

thread 'approval_loss::native_owned_approval_acceptance_reconcile_accepted' (92053944) panicked at native/hagency-execution/src/../tests/support/approval_loss.rs:63:62:
called `Result::unwrap()` on an `Err` value: Io(Os { code: 1, kind: PermissionDenied, message: "Operation not permitted" })

---- approval_loss::native_owned_approval_peer_gone_before_first_byte stdout ----

thread 'approval_loss::native_owned_approval_peer_gone_before_first_byte' (92053950) panicked at native/hagency-execution/src/../tests/support/approval_loss.rs:63:62:
called `Result::unwrap()` on an `Err` value: Io(Os { code: 1, kind: PermissionDenied, message: "Operation not permitted" })

---- approval_loss::native_owned_approval_caller_loss stdout ----

thread 'approval_loss::native_owned_approval_caller_loss' (92053947) panicked at native/hagency-execution/src/../tests/support/approval_loss.rs:63:62:
called `Result::unwrap()` on an `Err` value: Io(Os { code: 1, kind: PermissionDenied, message: "Operation not permitted" })

---- reply_loss::native_workspace_binding_lost_start stdout ----

thread 'reply_loss::native_workspace_binding_lost_start' (92054230) panicked at native/hagency-execution/src/../tests/support/reply_loss.rs:61:69:
called `Result::unwrap()` on an `Err` value: Io(Os { code: 1, kind: PermissionDenied, message: "Operation not permitted" })

---- reply_loss::native_owned_usage_lost_binding_never_spawns stdout ----

thread 'reply_loss::native_owned_usage_lost_binding_never_spawns' (92054229) panicked at native/hagency-execution/src/../tests/support/reply_loss.rs:61:69:
called `Result::unwrap()` on an `Err` value: Io(Os { code: 1, kind: PermissionDenied, message: "Operation not permitted" })

---- usage::tests::native_owned_usage_normalization_refusal_retains_evidence stdout ----

thread 'usage::tests::native_owned_usage_normalization_refusal_retains_evidence' (92054233) panicked at native/hagency-execution/src/../tests/support/usage.rs:27:73:
called `Result::unwrap()` on an `Err` value: Io(Os { code: 1, kind: PermissionDenied, message: "Operation not permitted" })

---- reply_loss::native_workspace_binding_retirement_unwind stdout ----

thread 'reply_loss::native_workspace_binding_retirement_unwind' (92054231) panicked at native/hagency-execution/src/../tests/support/reply_loss.rs:61:69:
called `Result::unwrap()` on an `Err` value: Io(Os { code: 1, kind: PermissionDenied, message: "Operation not permitted" })

---- usage::tests::native_owned_usage_pending_retry stdout ----

thread 'usage::tests::native_owned_usage_pending_retry' (92054234) panicked at native/hagency-execution/src/../tests/support/usage.rs:27:73:
called `Result::unwrap()` on an `Err` value: Io(Os { code: 1, kind: PermissionDenied, message: "Operation not permitted" })

---- workspace::approval_path::tests::native_owned_approval_workspace_scope stdout ----

thread 'workspace::approval_path::tests::native_owned_approval_workspace_scope' (92054238) panicked at native/hagency-execution/src/../tests/support/approval_loss.rs:63:62:
called `Result::unwrap()` on an `Err` value: Io(Os { code: 1, kind: PermissionDenied, message: "Operation not permitted" })

---- usage::tests::native_owned_usage_source_guards stdout ----

thread 'usage::tests::native_owned_usage_source_guards' (92054236) panicked at native/hagency-execution/src/../tests/support/usage.rs:27:73:
called `Result::unwrap()` on an `Err` value: Io(Os { code: 1, kind: PermissionDenied, message: "Operation not permitted" })

---- usage::tests::native_owned_usage_restart_and_capacity stdout ----

thread 'usage::tests::native_owned_usage_restart_and_capacity' (92054235) panicked at native/hagency-execution/src/../tests/support/usage.rs:27:73:
called `Result::unwrap()` on an `Err` value: Io(Os { code: 1, kind: PermissionDenied, message: "Operation not permitted" })


failures:
    approval_loss::native_owned_approval_acceptance_reconcile_accepted
    approval_loss::native_owned_approval_acceptance_reconcile_unrecorded
    approval_loss::native_owned_approval_barriers_pending_receipt
    approval_loss::native_owned_approval_caller_loss
    approval_loss::native_owned_approval_in_flight_resolution_completes_write
    approval_loss::native_owned_approval_no_second_frame_after_resolution
    approval_loss::native_owned_approval_peer_gone_before_first_byte
    approval_loss::native_owned_approval_receipt_before_resolution
    approval_loss::native_owned_approval_resolution_before_admission_cancels
    approval_loss::native_owned_approval_resolved_before_first_byte
    approval_loss::native_owned_approval_turn_end_midwrite_uncertain
    approval_loss::native_owned_approval_turn_end_untransmitted
    approval_loss::native_owned_approval_usage_successful_control
    approval_loss::native_owned_approval_usage_unknown_slot
    reply_loss::native_bootstrap_unknown_start
    reply_loss::native_owned_dispatch_lost_receipt_never_spawns
    reply_loss::native_owned_usage_lost_binding_never_spawns
    reply_loss::native_workspace_binding_lost_start
    reply_loss::native_workspace_binding_retirement_unwind
    usage::tests::native_owned_usage_normalization_refusal_retains_evidence
    usage::tests::native_owned_usage_pending_retry
    usage::tests::native_owned_usage_restart_and_capacity
    usage::tests::native_owned_usage_source_guards
    workspace::approval_path::tests::native_owned_approval_workspace_scope

test result: FAILED. 10 passed; 24 failed; 0 ignored; 0 measured; 0 filtered out; finished in 1.78s

error: test failed, to rerun pass `-p hagency-execution --lib`
