   Compiling hagency-runtime v0.1.0 (/Users/yuechen/home/hagency-peer-glm-20260912/native/hagency-runtime)
   Compiling hagency-execution v0.1.0 (/Users/yuechen/home/hagency-peer-glm-20260912/native/hagency-execution)
    Finished `test` profile [unoptimized + debuginfo] target(s) in 5.52s
     Running unittests src/lib.rs (target/debug/deps/hagency_execution-2498075185bbf466)

running 23 tests
test operation::tests::native_settlement_cause_keeps_the_first_marker ... ok
test operation::tests::native_settlement_cause_markers_are_distinct ... ok
test reply_loss::native_workspace_registration_gate_expired_ready_ack ... ok
test approval::state::trace_tests::native_approval_trace_labels_every_phase ... ok
test host::tests::native_file_tools_host_profile ... ok
test host::tests::native_receive_tools_host_profile ... ok
test workspace::approval_path::tests::native_owned_approval_workspace_projection ... ok
test usage::tests::native_owned_usage_source_guards ... FAILED
test approval_loss::native_owned_approval_usage_unknown_slot ... FAILED
test reply_loss::native_workspace_binding_lost_start ... FAILED
test approval_loss::native_owned_approval_acceptance_reconcile_unrecorded ... FAILED
test approval_loss::native_owned_approval_barriers_pending_receipt ... FAILED
test approval_loss::native_owned_approval_usage_successful_control ... FAILED
test usage::tests::native_owned_usage_pending_retry ... FAILED
test approval_loss::native_owned_approval_caller_loss ... FAILED
test reply_loss::native_owned_usage_lost_binding_never_spawns ... FAILED
test approval_loss::native_owned_approval_acceptance_reconcile_accepted ... FAILED
test reply_loss::native_bootstrap_unknown_start ... FAILED
test usage::tests::native_owned_usage_normalization_refusal_retains_evidence ... FAILED
test usage::tests::native_owned_usage_restart_and_capacity ... FAILED
test workspace::approval_path::tests::native_owned_approval_workspace_scope ... FAILED
test reply_loss::native_owned_dispatch_lost_receipt_never_spawns ... FAILED
test reply_loss::native_workspace_binding_retirement_unwind ... FAILED

failures:

---- usage::tests::native_owned_usage_source_guards stdout ----

thread 'usage::tests::native_owned_usage_source_guards' (92848027) panicked at native/hagency-execution/src/../tests/support/usage.rs:27:73:
called `Result::unwrap()` on an `Err` value: Io(Os { code: 1, kind: PermissionDenied, message: "Operation not permitted" })
note: run with `RUST_BACKTRACE=1` environment variable to display a backtrace

---- approval_loss::native_owned_approval_usage_unknown_slot stdout ----

thread 'approval_loss::native_owned_approval_usage_unknown_slot' (92848013) panicked at native/hagency-execution/src/../tests/support/approval_loss.rs:62:62:
called `Result::unwrap()` on an `Err` value: Io(Os { code: 1, kind: PermissionDenied, message: "Operation not permitted" })

---- reply_loss::native_workspace_binding_lost_start stdout ----

thread 'reply_loss::native_workspace_binding_lost_start' (92848021) panicked at native/hagency-execution/src/../tests/support/reply_loss.rs:61:69:
called `Result::unwrap()` on an `Err` value: Io(Os { code: 1, kind: PermissionDenied, message: "Operation not permitted" })

---- approval_loss::native_owned_approval_acceptance_reconcile_unrecorded stdout ----

thread 'approval_loss::native_owned_approval_acceptance_reconcile_unrecorded' (92848009) panicked at native/hagency-execution/src/../tests/support/approval_loss.rs:62:62:
called `Result::unwrap()` on an `Err` value: Io(Os { code: 1, kind: PermissionDenied, message: "Operation not permitted" })

---- approval_loss::native_owned_approval_barriers_pending_receipt stdout ----

thread 'approval_loss::native_owned_approval_barriers_pending_receipt' (92848010) panicked at native/hagency-execution/src/../tests/support/approval_loss.rs:62:62:
called `Result::unwrap()` on an `Err` value: Io(Os { code: 1, kind: PermissionDenied, message: "Operation not permitted" })

---- approval_loss::native_owned_approval_usage_successful_control stdout ----

thread 'approval_loss::native_owned_approval_usage_successful_control' (92848012) panicked at native/hagency-execution/src/../tests/support/approval_loss.rs:62:62:
called `Result::unwrap()` on an `Err` value: Io(Os { code: 1, kind: PermissionDenied, message: "Operation not permitted" })

---- usage::tests::native_owned_usage_pending_retry stdout ----

thread 'usage::tests::native_owned_usage_pending_retry' (92848025) panicked at native/hagency-execution/src/../tests/support/usage.rs:27:73:
called `Result::unwrap()` on an `Err` value: Io(Os { code: 1, kind: PermissionDenied, message: "Operation not permitted" })

---- approval_loss::native_owned_approval_caller_loss stdout ----

thread 'approval_loss::native_owned_approval_caller_loss' (92848011) panicked at native/hagency-execution/src/../tests/support/approval_loss.rs:62:62:
called `Result::unwrap()` on an `Err` value: Io(Os { code: 1, kind: PermissionDenied, message: "Operation not permitted" })

---- reply_loss::native_owned_usage_lost_binding_never_spawns stdout ----

thread 'reply_loss::native_owned_usage_lost_binding_never_spawns' (92848020) panicked at native/hagency-execution/src/../tests/support/reply_loss.rs:61:69:
called `Result::unwrap()` on an `Err` value: Io(Os { code: 1, kind: PermissionDenied, message: "Operation not permitted" })

---- approval_loss::native_owned_approval_acceptance_reconcile_accepted stdout ----

thread 'approval_loss::native_owned_approval_acceptance_reconcile_accepted' (92848008) panicked at native/hagency-execution/src/../tests/support/approval_loss.rs:62:62:
called `Result::unwrap()` on an `Err` value: Io(Os { code: 1, kind: PermissionDenied, message: "Operation not permitted" })

---- reply_loss::native_bootstrap_unknown_start stdout ----

thread 'reply_loss::native_bootstrap_unknown_start' (92848018) panicked at native/hagency-execution/src/../tests/support/reply_loss.rs:61:69:
called `Result::unwrap()` on an `Err` value: Io(Os { code: 1, kind: PermissionDenied, message: "Operation not permitted" })

---- usage::tests::native_owned_usage_normalization_refusal_retains_evidence stdout ----

thread 'usage::tests::native_owned_usage_normalization_refusal_retains_evidence' (92848024) panicked at native/hagency-execution/src/../tests/support/usage.rs:27:73:
called `Result::unwrap()` on an `Err` value: Io(Os { code: 1, kind: PermissionDenied, message: "Operation not permitted" })

---- usage::tests::native_owned_usage_restart_and_capacity stdout ----

thread 'usage::tests::native_owned_usage_restart_and_capacity' (92848026) panicked at native/hagency-execution/src/../tests/support/usage.rs:27:73:
called `Result::unwrap()` on an `Err` value: Io(Os { code: 1, kind: PermissionDenied, message: "Operation not permitted" })

---- workspace::approval_path::tests::native_owned_approval_workspace_scope stdout ----

thread 'workspace::approval_path::tests::native_owned_approval_workspace_scope' (92848029) panicked at native/hagency-execution/src/../tests/support/approval_loss.rs:62:62:
called `Result::unwrap()` on an `Err` value: Io(Os { code: 1, kind: PermissionDenied, message: "Operation not permitted" })

---- reply_loss::native_owned_dispatch_lost_receipt_never_spawns stdout ----

thread 'reply_loss::native_owned_dispatch_lost_receipt_never_spawns' (92848019) panicked at native/hagency-execution/src/../tests/support/reply_loss.rs:61:69:
called `Result::unwrap()` on an `Err` value: Io(Os { code: 1, kind: PermissionDenied, message: "Operation not permitted" })

---- reply_loss::native_workspace_binding_retirement_unwind stdout ----

thread 'reply_loss::native_workspace_binding_retirement_unwind' (92848022) panicked at native/hagency-execution/src/../tests/support/reply_loss.rs:61:69:
called `Result::unwrap()` on an `Err` value: Io(Os { code: 1, kind: PermissionDenied, message: "Operation not permitted" })


failures:
    approval_loss::native_owned_approval_acceptance_reconcile_accepted
    approval_loss::native_owned_approval_acceptance_reconcile_unrecorded
    approval_loss::native_owned_approval_barriers_pending_receipt
    approval_loss::native_owned_approval_caller_loss
    approval_loss::native_owned_approval_usage_successful_control
    approval_loss::native_owned_approval_usage_unknown_slot
    reply_loss::native_bootstrap_unknown_start
    reply_loss::native_owned_dispatch_lost_receipt_never_spawns
    reply_loss::native_owned_usage_lost_binding_never_spawns
    reply_loss::native_workspace_binding_lost_start
    reply_loss::native_workspace_binding_retirement_unwind
    usage::tests::native_owned_usage_normalization_refusal_retains_evidence
    usage::tests::native_owned_usage_pending_retry
    usage::tests::native_owned_usage_restart_and_capacity
    usage::tests::native_owned_usage_source_guards
    workspace::approval_path::tests::native_owned_approval_workspace_scope

test result: FAILED. 7 passed; 16 failed; 0 ignored; 0 measured; 0 filtered out; finished in 1.06s

error: test failed, to rerun pass `-p hagency-execution --lib`
