   Compiling hagency-execution v0.1.0 (/Users/yuechen/home/hagency-peer-glm-20260912/native/hagency-execution)
    Finished `test` profile [unoptimized + debuginfo] target(s) in 3.81s
     Running tests/owned.rs (target/debug/deps/owned-cdcfea2340e92b43)

running 31 tests
test approvals::native_owned_approval_resume ... FAILED
test native_owned_dispatch_deadline_stops_and_fences ... FAILED
test native_owned_dispatch_real_pipes ... FAILED
test native_owned_dispatch_admission_and_protocol_failure ... FAILED
test receive::native_receive_workspace_authority_read_deadline ... FAILED
test accounts::native_account_host_consumer ... FAILED
test approvals::native_owned_approval_usage ... FAILED
test approvals::native_owned_approval_cancellation ... FAILED
test native_owned_dispatch_cancel_and_unknown ... FAILED
test approvals::native_owned_approval_capacity ... FAILED
test native_owned_runtime_failure_observation ... FAILED
test receive::native_receive_workspace_authority_retirement ... FAILED
test idle::native_owned_turn_quiet_limits ... FAILED
test idle::native_owned_turn_quiet_notification_wait ... FAILED
test native_owned_dispatch_database_lock_refuses_before_spawn ... FAILED
test approvals::native_owned_approval_barriers ... FAILED
test receive::native_receive_workspace_once ... FAILED
test registration::native_workspace_registration_gate ... FAILED
test receive::native_receive_workspace_sink_original ... FAILED
test usage::native_owned_usage_missing_and_binding_refusal ... FAILED
test registration::native_workspace_registration_gate_revoked_before_ack ... FAILED
test receive::native_receive_workspace_sink_mutations ... FAILED
test usage::native_owned_usage_normalization_refusal_keeps_completion_separate ... FAILED
test registration::native_workspace_registration_gate_drop_and_late_ack ... FAILED
test workspace::native_workspace_binding_bounds ... FAILED
test usage::native_owned_usage_real_capture ... FAILED
test usage::native_owned_usage_restart_and_capacity_keeps_execution_separate ... FAILED
test workspace::native_workspace_binding_process ... FAILED
test workspace::native_workspace_binding_replacement ... FAILED
test workspace::native_workspace_binding_retirement ... FAILED
test workspace::native_workspace_binding_scope ... FAILED

failures:

---- approvals::native_owned_approval_resume stdout ----

thread 'approvals::native_owned_approval_resume' (94087925) panicked at native/hagency-execution/tests/owned.rs:67:73:
called `Result::unwrap()` on an `Err` value: Io(Os { code: 1, kind: PermissionDenied, message: "Operation not permitted" })
note: run with `RUST_BACKTRACE=1` environment variable to display a backtrace

---- native_owned_dispatch_deadline_stops_and_fences stdout ----

thread 'native_owned_dispatch_deadline_stops_and_fences' (94087932) panicked at native/hagency-execution/tests/owned.rs:67:73:
called `Result::unwrap()` on an `Err` value: Io(Os { code: 1, kind: PermissionDenied, message: "Operation not permitted" })

---- native_owned_dispatch_real_pipes stdout ----

thread 'native_owned_dispatch_real_pipes' (94087933) panicked at native/hagency-execution/tests/owned.rs:67:73:
called `Result::unwrap()` on an `Err` value: Io(Os { code: 1, kind: PermissionDenied, message: "Operation not permitted" })

---- native_owned_dispatch_admission_and_protocol_failure stdout ----

thread 'native_owned_dispatch_admission_and_protocol_failure' (94087929) panicked at native/hagency-execution/tests/owned.rs:67:73:
called `Result::unwrap()` on an `Err` value: Io(Os { code: 1, kind: PermissionDenied, message: "Operation not permitted" })

---- receive::native_receive_workspace_authority_read_deadline stdout ----

thread 'receive::native_receive_workspace_authority_read_deadline' (94087935) panicked at native/hagency-execution/tests/owned/receive.rs:22:69:
called `Result::unwrap()` on an `Err` value: Io(Os { code: 1, kind: PermissionDenied, message: "Operation not permitted" })

---- accounts::native_account_host_consumer stdout ----

thread 'accounts::native_account_host_consumer' (94087921) panicked at native/hagency-execution/tests/owned.rs:67:73:
called `Result::unwrap()` on an `Err` value: Io(Os { code: 1, kind: PermissionDenied, message: "Operation not permitted" })

---- approvals::native_owned_approval_usage stdout ----

thread 'approvals::native_owned_approval_usage' (94087926) panicked at native/hagency-execution/tests/owned.rs:67:73:
called `Result::unwrap()` on an `Err` value: Io(Os { code: 1, kind: PermissionDenied, message: "Operation not permitted" })

---- approvals::native_owned_approval_cancellation stdout ----

thread 'approvals::native_owned_approval_cancellation' (94087923) panicked at native/hagency-execution/tests/owned.rs:67:73:
called `Result::unwrap()` on an `Err` value: Io(Os { code: 1, kind: PermissionDenied, message: "Operation not permitted" })

---- native_owned_dispatch_cancel_and_unknown stdout ----

thread 'native_owned_dispatch_cancel_and_unknown' (94087930) panicked at native/hagency-execution/tests/owned.rs:67:73:
called `Result::unwrap()` on an `Err` value: Io(Os { code: 1, kind: PermissionDenied, message: "Operation not permitted" })

---- approvals::native_owned_approval_capacity stdout ----

thread 'approvals::native_owned_approval_capacity' (94087924) panicked at native/hagency-execution/tests/owned.rs:67:73:
called `Result::unwrap()` on an `Err` value: Io(Os { code: 1, kind: PermissionDenied, message: "Operation not permitted" })

---- native_owned_runtime_failure_observation stdout ----

thread 'native_owned_runtime_failure_observation' (94087934) panicked at native/hagency-execution/tests/owned.rs:67:73:
called `Result::unwrap()` on an `Err` value: Io(Os { code: 1, kind: PermissionDenied, message: "Operation not permitted" })

---- receive::native_receive_workspace_authority_retirement stdout ----

thread 'receive::native_receive_workspace_authority_retirement' (94087936) panicked at native/hagency-execution/tests/owned/receive.rs:22:69:
called `Result::unwrap()` on an `Err` value: Io(Os { code: 1, kind: PermissionDenied, message: "Operation not permitted" })

---- idle::native_owned_turn_quiet_limits stdout ----

thread 'idle::native_owned_turn_quiet_limits' (94087927) panicked at native/hagency-execution/tests/owned.rs:67:73:
called `Result::unwrap()` on an `Err` value: Io(Os { code: 1, kind: PermissionDenied, message: "Operation not permitted" })

---- idle::native_owned_turn_quiet_notification_wait stdout ----

thread 'idle::native_owned_turn_quiet_notification_wait' (94087928) panicked at native/hagency-execution/tests/owned.rs:67:73:
called `Result::unwrap()` on an `Err` value: Io(Os { code: 1, kind: PermissionDenied, message: "Operation not permitted" })

---- native_owned_dispatch_database_lock_refuses_before_spawn stdout ----

thread 'native_owned_dispatch_database_lock_refuses_before_spawn' (94087931) panicked at native/hagency-execution/tests/owned.rs:67:73:
called `Result::unwrap()` on an `Err` value: Io(Os { code: 1, kind: PermissionDenied, message: "Operation not permitted" })

---- approvals::native_owned_approval_barriers stdout ----

thread 'approvals::native_owned_approval_barriers' (94087922) panicked at native/hagency-execution/tests/owned.rs:67:73:
called `Result::unwrap()` on an `Err` value: Io(Os { code: 1, kind: PermissionDenied, message: "Operation not permitted" })

---- receive::native_receive_workspace_once stdout ----

thread 'receive::native_receive_workspace_once' (94088030) panicked at native/hagency-execution/tests/owned/receive.rs:22:69:
called `Result::unwrap()` on an `Err` value: Io(Os { code: 1, kind: PermissionDenied, message: "Operation not permitted" })

---- registration::native_workspace_registration_gate stdout ----

thread 'registration::native_workspace_registration_gate' (94088033) panicked at native/hagency-execution/tests/owned.rs:67:73:
called `Result::unwrap()` on an `Err` value: Io(Os { code: 1, kind: PermissionDenied, message: "Operation not permitted" })

---- receive::native_receive_workspace_sink_original stdout ----

thread 'receive::native_receive_workspace_sink_original' (94088032) panicked at native/hagency-execution/tests/owned/receive.rs:22:69:
called `Result::unwrap()` on an `Err` value: Io(Os { code: 1, kind: PermissionDenied, message: "Operation not permitted" })

---- usage::native_owned_usage_missing_and_binding_refusal stdout ----

thread 'usage::native_owned_usage_missing_and_binding_refusal' (94088036) panicked at native/hagency-execution/tests/owned.rs:67:73:
called `Result::unwrap()` on an `Err` value: Io(Os { code: 1, kind: PermissionDenied, message: "Operation not permitted" })

---- registration::native_workspace_registration_gate_revoked_before_ack stdout ----

thread 'registration::native_workspace_registration_gate_revoked_before_ack' (94088035) panicked at native/hagency-execution/tests/owned.rs:67:73:
called `Result::unwrap()` on an `Err` value: Io(Os { code: 1, kind: PermissionDenied, message: "Operation not permitted" })

---- receive::native_receive_workspace_sink_mutations stdout ----

thread 'receive::native_receive_workspace_sink_mutations' (94088031) panicked at native/hagency-execution/tests/owned/receive.rs:22:69:
called `Result::unwrap()` on an `Err` value: Io(Os { code: 1, kind: PermissionDenied, message: "Operation not permitted" })

---- usage::native_owned_usage_normalization_refusal_keeps_completion_separate stdout ----

thread 'usage::native_owned_usage_normalization_refusal_keeps_completion_separate' (94088037) panicked at native/hagency-execution/tests/owned.rs:67:73:
called `Result::unwrap()` on an `Err` value: Io(Os { code: 1, kind: PermissionDenied, message: "Operation not permitted" })

---- registration::native_workspace_registration_gate_drop_and_late_ack stdout ----

thread 'registration::native_workspace_registration_gate_drop_and_late_ack' (94088034) panicked at native/hagency-execution/tests/owned.rs:67:73:
called `Result::unwrap()` on an `Err` value: Io(Os { code: 1, kind: PermissionDenied, message: "Operation not permitted" })

---- workspace::native_workspace_binding_bounds stdout ----

thread 'workspace::native_workspace_binding_bounds' (94088040) panicked at native/hagency-execution/tests/owned.rs:67:73:
called `Result::unwrap()` on an `Err` value: Io(Os { code: 1, kind: PermissionDenied, message: "Operation not permitted" })

---- usage::native_owned_usage_real_capture stdout ----

thread 'usage::native_owned_usage_real_capture' (94088038) panicked at native/hagency-execution/tests/owned.rs:67:73:
called `Result::unwrap()` on an `Err` value: Io(Os { code: 1, kind: PermissionDenied, message: "Operation not permitted" })

---- usage::native_owned_usage_restart_and_capacity_keeps_execution_separate stdout ----

thread 'usage::native_owned_usage_restart_and_capacity_keeps_execution_separate' (94088039) panicked at native/hagency-execution/tests/owned.rs:67:73:
called `Result::unwrap()` on an `Err` value: Io(Os { code: 1, kind: PermissionDenied, message: "Operation not permitted" })

---- workspace::native_workspace_binding_process stdout ----

thread 'workspace::native_workspace_binding_process' (94088041) panicked at native/hagency-execution/tests/owned.rs:67:73:
called `Result::unwrap()` on an `Err` value: Io(Os { code: 1, kind: PermissionDenied, message: "Operation not permitted" })

---- workspace::native_workspace_binding_replacement stdout ----

thread 'workspace::native_workspace_binding_replacement' (94088042) panicked at native/hagency-execution/tests/owned.rs:67:73:
called `Result::unwrap()` on an `Err` value: Io(Os { code: 1, kind: PermissionDenied, message: "Operation not permitted" })

---- workspace::native_workspace_binding_retirement stdout ----

thread 'workspace::native_workspace_binding_retirement' (94088043) panicked at native/hagency-execution/tests/owned.rs:67:73:
called `Result::unwrap()` on an `Err` value: Io(Os { code: 1, kind: PermissionDenied, message: "Operation not permitted" })

---- workspace::native_workspace_binding_scope stdout ----

thread 'workspace::native_workspace_binding_scope' (94088044) panicked at native/hagency-execution/tests/owned.rs:67:73:
called `Result::unwrap()` on an `Err` value: Io(Os { code: 1, kind: PermissionDenied, message: "Operation not permitted" })


failures:
    accounts::native_account_host_consumer
    approvals::native_owned_approval_barriers
    approvals::native_owned_approval_cancellation
    approvals::native_owned_approval_capacity
    approvals::native_owned_approval_resume
    approvals::native_owned_approval_usage
    idle::native_owned_turn_quiet_limits
    idle::native_owned_turn_quiet_notification_wait
    native_owned_dispatch_admission_and_protocol_failure
    native_owned_dispatch_cancel_and_unknown
    native_owned_dispatch_database_lock_refuses_before_spawn
    native_owned_dispatch_deadline_stops_and_fences
    native_owned_dispatch_real_pipes
    native_owned_runtime_failure_observation
    receive::native_receive_workspace_authority_read_deadline
    receive::native_receive_workspace_authority_retirement
    receive::native_receive_workspace_once
    receive::native_receive_workspace_sink_mutations
    receive::native_receive_workspace_sink_original
    registration::native_workspace_registration_gate
    registration::native_workspace_registration_gate_drop_and_late_ack
    registration::native_workspace_registration_gate_revoked_before_ack
    usage::native_owned_usage_missing_and_binding_refusal
    usage::native_owned_usage_normalization_refusal_keeps_completion_separate
    usage::native_owned_usage_real_capture
    usage::native_owned_usage_restart_and_capacity_keeps_execution_separate
    workspace::native_workspace_binding_bounds
    workspace::native_workspace_binding_process
    workspace::native_workspace_binding_replacement
    workspace::native_workspace_binding_retirement
    workspace::native_workspace_binding_scope

test result: FAILED. 0 passed; 31 failed; 0 ignored; 0 measured; 0 filtered out; finished in 2.28s

error: test failed, to rerun pass `-p hagency-execution --test owned`
