   Compiling memchr v2.8.3
   Compiling serde_core v1.0.229
   Compiling getrandom v0.2.17
   Compiling zeroize v1.9.0
   Compiling rand_core v0.6.4
   Compiling jobserver v0.1.35
   Compiling crypto-common v0.1.7
   Compiling subtle v2.6.1
   Compiling cc v1.4.5
   Compiling smallvec v1.16.0
   Compiling tokio v1.53.1
   Compiling zerovec v0.11.8
   Compiling thiserror v2.0.20
   Compiling futures-core v0.3.34
   Compiling tracing-core v0.1.36
   Compiling serde v1.0.229
   Compiling http v1.5.0
   Compiling tinystr v0.8.4
   Compiling icu_locale_core v2.3.0
   Compiling tracing v0.1.44
   Compiling zerotrie v0.2.5
   Compiling potential_utf v0.1.6
   Compiling futures-sink v0.3.34
   Compiling icu_collections v2.3.0
   Compiling futures-channel v0.3.34
   Compiling digest v0.10.7
   Compiling icu_provider v2.3.1
   Compiling futures-task v0.3.34
   Compiling futures-io v0.3.34
   Compiling slab v0.4.12
   Compiling serde_json v1.0.151
   Compiling toml_edit v0.25.13+spec-1.1.0
   Compiling futures-util v0.3.34
   Compiling icu_normalizer v2.3.0
   Compiling icu_properties v2.3.0
   Compiling indexmap v2.14.2
   Compiling aho-corasick v1.1.5
   Compiling rand_core v0.10.1
   Compiling proc-macro-crate v3.5.0
   Compiling idna_adapter v1.2.2
   Compiling bitflags v2.13.2
   Compiling idna v1.1.0
   Compiling getrandom v0.4.3
   Compiling regex-automata v0.4.18
   Compiling chacha20 v0.10.2
   Compiling url v2.5.8
   Compiling rand v0.10.2
   Compiling getrandom v0.3.4
   Compiling tokio-util v0.7.19
   Compiling typewit v1.15.2
   Compiling ruma-identifiers-validation v0.12.1
   Compiling const_panic v0.2.17
   Compiling rustix v1.1.4
   Compiling js_int v0.2.2
   Compiling time v0.3.55
   Compiling regex v1.13.1
   Compiling ruma-macros v0.19.0
   Compiling konst v0.4.3
   Compiling sha2 v0.10.9
   Compiling uuid v1.26.1
   Compiling serde_html_form v0.4.1
   Compiling block-padding v0.3.3
   Compiling date_header v1.0.5
   Compiling inout v0.1.4
   Compiling zerocopy v0.8.57
   Compiling cipher v0.4.4
   Compiling rand_core v0.9.5
   Compiling either v1.18.0
   Compiling hmac v0.12.1
   Compiling num-traits v0.2.19
   Compiling fs-set-times v0.20.3
   Compiling http-body v1.1.0
   Compiling ruma-common v0.19.0
   Compiling ring v0.17.14
   Compiling js_option v0.2.0
   Compiling universal-hash v0.5.1
   Compiling opaque-debug v0.3.1
   Compiling bitmaps v3.2.1
   Compiling poly1305 v0.8.0
   Compiling cap-primitives v4.0.3
   Compiling imbl-sized-chunks v0.1.3
   Compiling libsqlite3-sys v0.35.0
   Compiling curve25519-dalek v4.1.3
   Compiling ppv-lite86 v0.2.21
   Compiling httparse v1.10.1
   Compiling itertools v0.14.0
   Compiling rand_xoshiro v0.7.0
   Compiling chacha20 v0.9.1
   Compiling arrayvec v0.7.8
   Compiling aead v0.5.2
   Compiling archery v1.2.3
   Compiling atomic-waker v1.1.2
   Compiling maplit v1.0.2
   Compiling ruma-events v0.34.0
   Compiling httpdate v1.0.3
   Compiling try-lock v0.2.5
   Compiling signature v2.2.0
   Compiling assign v1.1.1
   Compiling tower-service v0.3.3
   Compiling fnv v1.0.7
   Compiling h2 v0.4.19
   Compiling ed25519 v2.2.3
   Compiling want v0.3.1
   Compiling prost-derive v0.14.4
   Compiling imbl v6.1.0
   Compiling chacha20poly1305 v0.10.1
   Compiling rand_chacha v0.9.0
   Compiling rand_chacha v0.3.1
   Compiling cap-std v4.0.3
   Compiling rmp v0.8.15
   Compiling matrix-pickle-derive v0.2.3
   Compiling serde_bytes v0.11.19
   Compiling rustls-pki-types v1.15.1
   Compiling untrusted v0.9.0
   Compiling log v0.4.34
   Compiling matrix-pickle v0.2.3
   Compiling rmp-serde v1.3.1
   Compiling cap-fs-ext v4.0.3
   Compiling eyeball-im v0.8.0
   Compiling rand v0.8.8
   Compiling prost v0.14.4
   Compiling ruma-client-api v0.24.0
   Compiling rand v0.9.5
   Compiling hyper v1.11.1
   Compiling ed25519-dalek v2.2.0
   Compiling x25519-dalek v2.0.1
   Compiling hkdf v0.12.4
   Compiling itertools v0.10.5
   Compiling cbc v0.1.2
   Compiling aes v0.8.4
   Compiling tokio-stream v0.1.19
   Compiling zstd-sys v2.1.0+zstd.1.5.7
   Compiling readlock-tokio v0.1.6
   Compiling pbkdf2 v0.12.2
   Compiling sync_wrapper v1.0.2
   Compiling base64ct v1.8.3
   Compiling readlock v0.1.11
   Compiling scopeguard v1.2.0
   Compiling rusqlite v0.37.0
   Compiling vodozemac v0.10.0
   Compiling rustls v0.23.44
   Compiling eyeball v0.8.8
   Compiling ruma v0.16.0
   Compiling matrix-sdk-common v0.18.0
   Compiling aquamarine v0.6.0
   Compiling hyper-util v0.1.20
   Compiling ulid v1.2.1
   Compiling rustls-webpki v0.103.15
   Compiling ctr v0.9.2
   Compiling hagency-platform v0.1.0 (/Users/yuechen/home/hagency-peer-glm-20260912/native/hagency-platform)
   Compiling blake3 v1.8.7
   Compiling byteorder v1.5.0
   Compiling bs58 v0.5.1
   Compiling ryu v1.0.23
   Compiling matrix-sdk-crypto v0.18.0
   Compiling serde_urlencoded v0.7.1
   Compiling hagency-core v0.1.0 (/Users/yuechen/home/hagency-peer-glm-20260912/native/hagency-core)
   Compiling http-body-util v0.1.5
   Compiling hagency-metering v0.1.0 (/Users/yuechen/home/hagency-peer-glm-20260912/native/hagency-metering)
   Compiling mime v0.3.17
   Compiling unicase v2.9.0
   Compiling alloc-no-stdlib v2.0.4
   Compiling constant_time_eq v0.4.2
   Compiling simdutf8 v0.1.5
   Compiling tower-layer v0.3.3
   Compiling zstd-safe v7.3.0
   Compiling tower v0.5.3
   Compiling encoding_rs v0.8.41
   Compiling alloc-stdlib v0.2.4
   Compiling mime-infer v4.0.1
   Compiling hagency-store v0.1.0 (/Users/yuechen/home/hagency-peer-glm-20260912/native/hagency-store)
   Compiling tokio-rustls v0.26.4
   Compiling hagency-files v0.1.0 (/Users/yuechen/home/hagency-peer-glm-20260912/native/hagency-files)
   Compiling webpki-roots v1.0.9
   Compiling deadpool-runtime v0.3.1
   Compiling utf8parse v0.2.2
   Compiling unicode-bidi v0.3.18
   Compiling xxhash-rust v0.8.18
   Compiling adler2 v2.0.1
   Compiling simd-adler32 v0.3.10
   Compiling miniz_oxide v0.9.1
   Compiling idna v0.3.0
   Compiling growable-bloom-filter v2.1.1
   Compiling anstyle-parse v1.0.0
   Compiling hyper-rustls v0.27.9
   Compiling crc32fast v1.5.1
   Compiling decancer v3.3.3
   Compiling brotli-decompressor v5.0.3
   Compiling matrix-sdk-store-encryption v0.18.0
   Compiling tower-http v0.6.11
   Compiling parking_lot_core v0.9.12
   Compiling lock_api v0.4.14
   Compiling sha1 v0.10.7
   Compiling headers-core v0.3.0
   Compiling xml v1.4.0
   Compiling anstyle v1.0.14
   Compiling is_terminal_polyfill v1.70.2
   Compiling unicode-id v0.3.6
   Compiling anstyle-query v1.1.5
   Compiling colorchoice v1.0.5
   Compiling anstream v1.0.0
   Compiling serde-xml-rs v0.8.2
   Compiling markdown v1.0.0
   Compiling tempfile v3.27.0
   Compiling headers v0.4.1
   Compiling pin-project v1.1.13
   Compiling enumflags2 v0.7.12
   Compiling salvo_macros v0.96.0
   Compiling parking_lot v0.12.5
   Compiling reqwest v0.12.28
   Compiling matrix-sdk-base v0.18.0
   Compiling brotli v8.0.4
   Compiling flate2 v1.1.10
   Compiling zstd v0.13.3
   Compiling unicode-general-category v0.6.0
   Compiling mdurl v0.3.1
   Compiling deadpool v0.13.1
   Compiling deadpool-sync v0.2.0
   Compiling hagency-media v0.1.0 (/Users/yuechen/home/hagency-peer-glm-20260912/native/hagency-media)
   Compiling chardetng v1.0.0
   Compiling multra v1.1.0
   Compiling multimap v0.10.1
   Compiling serde_path_to_error v0.1.20
   Compiling linkify v0.10.0
   Compiling content_inspector v0.2.4
   Compiling num_cpus v1.17.0
   Compiling base64 v0.23.1
   Compiling lazy_static v1.5.0
   Compiling clap_lex v1.1.0
   Compiling strsim v0.11.1
   Compiling clap_builder v4.6.6
   Compiling salvo_core v0.96.0
   Compiling sharded-slab v0.1.7
   Compiling matrix-sdk-sqlite v0.18.0
   Compiling hagency-matrix-format v0.1.0 (/Users/yuechen/home/hagency-peer-glm-20260912/native/hagency-matrix-format)
   Compiling hagency-media-store v0.1.0 (/Users/yuechen/home/hagency-peer-glm-20260912/native/hagency-media-store)
   Compiling hagency-runtime v0.1.0 (/Users/yuechen/home/hagency-peer-glm-20260912/native/hagency-runtime)
   Compiling tracing-log v0.2.0
   Compiling matchers v0.2.0
   Compiling thread_local v1.1.10
   Compiling nu-ansi-term v0.50.3
   Compiling tracing-subscriber v0.3.23
   Compiling hagency-execution v0.1.0 (/Users/yuechen/home/hagency-peer-glm-20260912/native/hagency-execution)
   Compiling hagency-matrix v0.1.0 (/Users/yuechen/home/hagency-peer-glm-20260912/native/hagency-matrix)
   Compiling salvo v0.96.0
   Compiling clap v4.6.6
   Compiling hagency-palpo v0.1.0 (/Users/yuechen/home/hagency-peer-glm-20260912/native/hagency-palpo)
   Compiling futures-executor v0.3.34
   Compiling futures v0.3.34
   Compiling chrono v0.4.45
   Compiling rmcp v1.8.0
   Compiling hagency v0.1.0 (/Users/yuechen/home/hagency-peer-glm-20260912/native/hagency)
    Finished `test` profile [unoptimized + debuginfo] target(s) in 1m 07s
     Running tests/mcp_coordination.rs (target/debug/deps/mcp_coordination-ce5c268f5b25a7a7)

running 6 tests
test mcp_coordination::recovery::native_mcp_coordination_recovery ... FAILED
test mcp_coordination::flows::native_mcp_coordination_delegation ... FAILED
test mcp_coordination::recovery::native_mcp_coordination_catalog ... FAILED
test mcp_coordination::recovery::native_mcp_coordination_bounds ... FAILED
test mcp_coordination::flows::native_mcp_coordination_conversation ... FAILED
test mcp_coordination::flows::native_mcp_coordination_graph ... FAILED

failures:

---- mcp_coordination::recovery::native_mcp_coordination_recovery stdout ----

thread 'mcp_coordination::recovery::native_mcp_coordination_recovery' (88104602) panicked at native/hagency/tests/mcp_coordination/fixture.rs:49:53:
called `Result::unwrap()` on an `Err` value: Io(Os { code: 1, kind: PermissionDenied, message: "Operation not permitted" })
note: run with `RUST_BACKTRACE=1` environment variable to display a backtrace

---- mcp_coordination::flows::native_mcp_coordination_delegation stdout ----

thread 'mcp_coordination::flows::native_mcp_coordination_delegation' (88104598) panicked at native/hagency/tests/mcp_coordination/fixture.rs:49:53:
called `Result::unwrap()` on an `Err` value: Io(Os { code: 1, kind: PermissionDenied, message: "Operation not permitted" })

---- mcp_coordination::recovery::native_mcp_coordination_catalog stdout ----

thread 'mcp_coordination::recovery::native_mcp_coordination_catalog' (88104601) panicked at native/hagency/tests/mcp_coordination/fixture.rs:49:53:
called `Result::unwrap()` on an `Err` value: Io(Os { code: 1, kind: PermissionDenied, message: "Operation not permitted" })

---- mcp_coordination::recovery::native_mcp_coordination_bounds stdout ----

thread 'mcp_coordination::recovery::native_mcp_coordination_bounds' (88104600) panicked at native/hagency/tests/mcp_coordination/fixture.rs:49:53:
called `Result::unwrap()` on an `Err` value: Io(Os { code: 1, kind: PermissionDenied, message: "Operation not permitted" })

---- mcp_coordination::flows::native_mcp_coordination_conversation stdout ----

thread 'mcp_coordination::flows::native_mcp_coordination_conversation' (88104597) panicked at native/hagency/tests/mcp_coordination/fixture.rs:49:53:
called `Result::unwrap()` on an `Err` value: Io(Os { code: 1, kind: PermissionDenied, message: "Operation not permitted" })

---- mcp_coordination::flows::native_mcp_coordination_graph stdout ----

thread 'mcp_coordination::flows::native_mcp_coordination_graph' (88104599) panicked at native/hagency/tests/mcp_coordination/fixture.rs:49:53:
called `Result::unwrap()` on an `Err` value: Io(Os { code: 1, kind: PermissionDenied, message: "Operation not permitted" })


failures:
    mcp_coordination::flows::native_mcp_coordination_conversation
    mcp_coordination::flows::native_mcp_coordination_delegation
    mcp_coordination::flows::native_mcp_coordination_graph
    mcp_coordination::recovery::native_mcp_coordination_bounds
    mcp_coordination::recovery::native_mcp_coordination_catalog
    mcp_coordination::recovery::native_mcp_coordination_recovery

test result: FAILED. 0 passed; 6 failed; 0 ignored; 0 measured; 0 filtered out; finished in 0.61s

error: test failed, to rerun pass `-p hagency --test mcp_coordination`
